Archive member included to satisfy reference by file (symbol)

.pio/build/nucleo_f401re/libFrameworkArduino.a(main.cpp.o)
                              /home/saeee/.platformio/packages/toolchain-gccarmnoneeabi/bin/../lib/gcc/arm-none-eabi/12.3.1/../../../../arm-none-eabi/lib/thumb/v7e-m+fp/hard/crt0.o (main)
.pio/build/nucleo_f401re/libFrameworkArduino.a(startup_stm32yyxx.S.o)
                              (Reset_Handler)
.pio/build/nucleo_f401re/libFrameworkArduino.a(wiring_time.c.o)
                              .pio/build/nucleo_f401re/src/main.cpp.o (millis)
.pio/build/nucleo_f401re/libFrameworkArduino.a(WSerial.cpp.o)
                              .pio/build/nucleo_f401re/libFrameworkArduino.a(main.cpp.o) (serialEventRun())
.pio/build/nucleo_f401re/libFrameworkArduino.a(board.c.o)
                              .pio/build/nucleo_f401re/libFrameworkArduino.a(main.cpp.o) (init)
.pio/build/nucleo_f401re/libFrameworkArduino.a(hooks.c.o)
                              .pio/build/nucleo_f401re/libFrameworkArduino.a(wiring_time.c.o) (yield)
.pio/build/nucleo_f401re/libFrameworkArduino.a(HardwareSerial.cpp.o)
                              .pio/build/nucleo_f401re/libFrameworkArduino.a(WSerial.cpp.o) (HardwareSerial::available())
.pio/build/nucleo_f401re/libFrameworkArduino.a(Stream.cpp.o)
                              .pio/build/nucleo_f401re/libFrameworkArduino.a(HardwareSerial.cpp.o) (Stream::readBytes(char*, unsigned int))
.pio/build/nucleo_f401re/libFrameworkArduino.a(WString.cpp.o)
                              .pio/build/nucleo_f401re/libFrameworkArduino.a(Stream.cpp.o) (String::String(char const*))
.pio/build/nucleo_f401re/libFrameworkArduino.a(dtostrf.c.o)
                              .pio/build/nucleo_f401re/libFrameworkArduino.a(WString.cpp.o) (dtostrf)
.pio/build/nucleo_f401re/libFrameworkArduino.a(itoa.c.o)
                              .pio/build/nucleo_f401re/libFrameworkArduino.a(WString.cpp.o) (ltoa)
.pio/build/nucleo_f401re/libFrameworkArduino.a(Print.cpp.o)
                              .pio/build/nucleo_f401re/libFrameworkArduino.a(Stream.cpp.o) (Print::write(unsigned char const*, unsigned int))
/home/saeee/.platformio/packages/toolchain-gccarmnoneeabi/bin/../lib/gcc/arm-none-eabi/12.3.1/thumb/v7e-m+fp/hard/libgcc.a(_arm_muldf3.o)
                              .pio/build/nucleo_f401re/SrcWrapper/src/HardwareTimer.cpp.o (__aeabi_dmul)
/home/saeee/.platformio/packages/toolchain-gccarmnoneeabi/bin/../lib/gcc/arm-none-eabi/12.3.1/thumb/v7e-m+fp/hard/libgcc.a(_arm_addsubdf3.o)
                              .pio/build/nucleo_f401re/libFrameworkArduino.a(dtostrf.c.o) (__aeabi_dsub)
/home/saeee/.platformio/packages/toolchain-gccarmnoneeabi/bin/../lib/gcc/arm-none-eabi/12.3.1/thumb/v7e-m+fp/hard/libgcc.a(_arm_muldivdf3.o)
                              .pio/build/nucleo_f401re/SrcWrapper/src/HardwareTimer.cpp.o (__aeabi_ddiv)
/home/saeee/.platformio/packages/toolchain-gccarmnoneeabi/bin/../lib/gcc/arm-none-eabi/12.3.1/thumb/v7e-m+fp/hard/libgcc.a(_arm_cmpdf2.o)
                              .pio/build/nucleo_f401re/libFrameworkArduino.a(dtostrf.c.o) (__aeabi_dcmplt)
/home/saeee/.platformio/packages/toolchain-gccarmnoneeabi/bin/../lib/gcc/arm-none-eabi/12.3.1/thumb/v7e-m+fp/hard/libgcc.a(_arm_unorddf2.o)
                              .pio/build/nucleo_f401re/libFrameworkArduino.a(Print.cpp.o) (__aeabi_dcmpun)
/home/saeee/.platformio/packages/toolchain-gccarmnoneeabi/bin/../lib/gcc/arm-none-eabi/12.3.1/thumb/v7e-m+fp/hard/libgcc.a(_arm_fixdfsi.o)
                              .pio/build/nucleo_f401re/libFrameworkArduino.a(dtostrf.c.o) (__aeabi_d2iz)
/home/saeee/.platformio/packages/toolchain-gccarmnoneeabi/bin/../lib/gcc/arm-none-eabi/12.3.1/thumb/v7e-m+fp/hard/libgcc.a(_arm_fixunsdfsi.o)
                              .pio/build/nucleo_f401re/SrcWrapper/src/HardwareTimer.cpp.o (__aeabi_d2uiz)
/home/saeee/.platformio/packages/toolchain-gccarmnoneeabi/bin/../lib/gcc/arm-none-eabi/12.3.1/thumb/v7e-m+fp/hard/libgcc.a(_arm_truncdfsf2.o)
                              .pio/build/nucleo_f401re/libFrameworkArduino.a(Stream.cpp.o) (__aeabi_d2f)
/home/saeee/.platformio/packages/toolchain-gccarmnoneeabi/bin/../lib/gcc/arm-none-eabi/12.3.1/thumb/v7e-m+fp/hard/libgcc.a(_aeabi_ldivmod.o)
                              .pio/build/nucleo_f401re/SrcWrapper/src/HAL/stm32yyxx_hal_rcc.c.o (__aeabi_ldivmod)
/home/saeee/.platformio/packages/toolchain-gccarmnoneeabi/bin/../lib/gcc/arm-none-eabi/12.3.1/thumb/v7e-m+fp/hard/libgcc.a(_aeabi_uldivmod.o)
                              .pio/build/nucleo_f401re/SrcWrapper/src/HAL/stm32yyxx_hal_rcc.c.o (__aeabi_uldivmod)
/home/saeee/.platformio/packages/toolchain-gccarmnoneeabi/bin/../lib/gcc/arm-none-eabi/12.3.1/thumb/v7e-m+fp/hard/libgcc.a(_udivmoddi4.o)
                              /home/saeee/.platformio/packages/toolchain-gccarmnoneeabi/bin/../lib/gcc/arm-none-eabi/12.3.1/thumb/v7e-m+fp/hard/libgcc.a(_aeabi_ldivmod.o) (__udivmoddi4)
[...]
Memory Configuration

Name             Origin             Length             Attributes
*default*        0x00000000         0xffffffff
RAM              0x20000000         0x00018000         xrw
FLASH            0x08000000         0x00080000         xr

Linker script and memory map

                0x20018000                        _estack = (ORIGIN (RAM) + LENGTH (RAM))
                0x00000200                        _Min_Heap_Size = 0x200
                0x00000400                        _Min_Stack_Size = 0x400

.isr_vector     0x08000000      0x194
                0x08000000                        . = ALIGN (0x4)
 *(.isr_vector)
 .isr_vector    0x08000000      0x194 .pio/build/nucleo_f401re/libFrameworkArduino.a(startup_stm32yyxx.S.o)
                0x08000000                g_pfnVectors
                0x08000194                        . = ALIGN (0x4)

.text           0x08000194     0x1fc4
                0x08000194                        . = ALIGN (0x4)
 *(.text)
 .text          0x08000194       0x30 /home/saeee/.platformio/packages/toolchain-gccarmnoneeabi/bin/../lib/gcc/arm-none-eabi/12.3.1/thumb/v7e-m+fp/hard/libgcc.a(_aeabi_uldivmod.o)
                0x08000194                __aeabi_uldivmod
 .text          0x080001c4        0x4 /home/saeee/.platformio/packages/toolchain-gccarmnoneeabi/bin/../lib/gcc/arm-none-eabi/12.3.1/thumb/v7e-m+fp/hard/libgcc.a(_dvmd_tls.o)
                0x080001c4                __aeabi_ldiv0
                0x080001c4                __aeabi_idiv0
 *(.text*)
 .text.__do_global_dtors_aux
                0x080001c8       0x24 /home/saeee/.platformio/packages/toolchain-gccarmnoneeabi/bin/../lib/gcc/arm-none-eabi/12.3.1/thumb/v7e-m+fp/hard/crtbegin.o
 .text.frame_dummy
                0x080001ec       0x1c /home/saeee/.platformio/packages/toolchain-gccarmnoneeabi/bin/../lib/gcc/arm-none-eabi/12.3.1/thumb/v7e-m+fp/hard/crtbegin.o
 .text.SystemClock_Config
                0x08000208       0xa0 .pio/build/nucleo_f401re/FrameworkArduinoVariant/variant_NUCLEO_F401RE.cpp.o
                0x08000208                SystemClock_Config
 .text.HAL_MspInit
                0x080002a8        0x2 .pio/build/nucleo_f401re/SrcWrapper/src/HAL/stm32yyxx_hal.c.o
                0x080002a8                HAL_MspInit
 *fill*         0x080002aa        0x2 
 .text.HAL_InitTick
                0x080002ac       0x48 .pio/build/nucleo_f401re/SrcWrapper/src/HAL/stm32yyxx_hal.c.o
                0x080002ac                HAL_InitTick
 .text.HAL_Init
                0x080002f4       0x34 .pio/build/nucleo_f401re/SrcWrapper/src/HAL/stm32yyxx_hal.c.o
                0x080002f4                HAL_Init
 .text.HAL_IncTick
                0x08000328       0x18 .pio/build/nucleo_f401re/SrcWrapper/src/HAL/stm32yyxx_hal.c.o
                0x08000328                HAL_IncTick
 .text.HAL_GetTick
                0x08000340        0xc .pio/build/nucleo_f401re/SrcWrapper/src/HAL/stm32yyxx_hal.c.o
                0x08000340                HAL_GetTick
 .text.HAL_NVIC_SetPriorityGrouping
                0x0800034c       0x24 .pio/build/nucleo_f401re/SrcWrapper/src/HAL/stm32yyxx_hal_cortex.c.o
                0x0800034c                HAL_NVIC_SetPriorityGrouping
 .text.HAL_NVIC_SetPriority
                0x08000370       0x64 .pio/build/nucleo_f401re/SrcWrapper/src/HAL/stm32yyxx_hal_cortex.c.o
                0x08000370                HAL_NVIC_SetPriority
 .text.HAL_NVIC_EnableIRQ
                0x080003d4       0x1c .pio/build/nucleo_f401re/SrcWrapper/src/HAL/stm32yyxx_hal_cortex.c.o
                0x080003d4                HAL_NVIC_EnableIRQ
 .text.HAL_NVIC_DisableIRQ
                0x080003f0       0x24 .pio/build/nucleo_f401re/SrcWrapper/src/HAL/stm32yyxx_hal_cortex.c.o
                0x080003f0                HAL_NVIC_DisableIRQ
 .text.HAL_SYSTICK_Config
                0x08000414       0x28 .pio/build/nucleo_f401re/SrcWrapper/src/HAL/stm32yyxx_hal_cortex.c.o
                0x08000414                HAL_SYSTICK_Config
 .text.HAL_NVIC_ClearPendingIRQ
                0x0800043c       0x1c .pio/build/nucleo_f401re/SrcWrapper/src/HAL/stm32yyxx_hal_cortex.c.o
                0x0800043c                HAL_NVIC_ClearPendingIRQ
 .text.HAL_SYSTICK_Callback
                0x08000458        0x2 .pio/build/nucleo_f401re/SrcWrapper/src/HAL/stm32yyxx_hal_cortex.c.o
                0x08000458                HAL_SYSTICK_Callback
 .text.HAL_SYSTICK_IRQHandler
                0x0800045a        0x8 .pio/build/nucleo_f401re/SrcWrapper/src/HAL/stm32yyxx_hal_cortex.c.o
                0x0800045a                HAL_SYSTICK_IRQHandler
 .text.HAL_CRC_MspInit
                0x08000462        0x2 .pio/build/nucleo_f401re/SrcWrapper/src/HAL/stm32yyxx_hal_crc.c.o
                0x08000462                HAL_CRC_MspInit
 .text.HAL_CRC_Init
                0x08000464       0x20 .pio/build/nucleo_f401re/SrcWrapper/src/HAL/stm32yyxx_hal_crc.c.o
                0x08000464                HAL_CRC_Init
 .text.HAL_DMA_Abort
                0x08000484       0x7c .pio/build/nucleo_f401re/SrcWrapper/src/HAL/stm32yyxx_hal_dma.c.o
                0x08000484                HAL_DMA_Abort
 .text.HAL_DMA_Abort_IT
                0x08000500       0x24 .pio/build/nucleo_f401re/SrcWrapper/src/HAL/stm32yyxx_hal_dma.c.o
                0x08000500                HAL_DMA_Abort_IT
 .text.HAL_GPIO_Init
                0x08000524      0x1a4 .pio/build/nucleo_f401re/SrcWrapper/src/HAL/stm32yyxx_hal_gpio.c.o
                0x08000524                HAL_GPIO_Init
 .text.HAL_GPIO_ReadPin
                0x080006c8        0xc .pio/build/nucleo_f401re/SrcWrapper/src/HAL/stm32yyxx_hal_gpio.c.o
                0x080006c8                HAL_GPIO_ReadPin
 .text.HAL_GPIO_WritePin
                0x080006d4        0xa .pio/build/nucleo_f401re/SrcWrapper/src/HAL/stm32yyxx_hal_gpio.c.o
                0x080006d4                HAL_GPIO_WritePin
 .text.HAL_GPIO_TogglePin
                0x080006de       0x12 .pio/build/nucleo_f401re/SrcWrapper/src/HAL/stm32yyxx_hal_gpio.c.o
                0x080006de                HAL_GPIO_TogglePin
 .text.HAL_GPIO_EXTI_IRQHandler
                0x080006f0       0x18 .pio/build/nucleo_f401re/SrcWrapper/src/HAL/stm32yyxx_hal_gpio.c.o
                0x080006f0                HAL_GPIO_EXTI_IRQHandler
 .text.HAL_RCC_OscConfig
                0x08000708      0x35c .pio/build/nucleo_f401re/SrcWrapper/src/HAL/stm32yyxx_hal_rcc.c.o
                0x08000708                HAL_RCC_OscConfig
 .text.HAL_RCC_GetSysClockFreq
                0x08000a64       0x5c .pio/build/nucleo_f401re/SrcWrapper/src/HAL/stm32yyxx_hal_rcc.c.o
                0x08000a64                HAL_RCC_GetSysClockFreq
 .text.HAL_RCC_ClockConfig
                0x08000ac0      0x134 .pio/build/nucleo_f401re/SrcWrapper/src/HAL/stm32yyxx_hal_rcc.c.o
                0x08000ac0                HAL_RCC_ClockConfig
 .text.HAL_TIM_PWM_PulseFinishedCallback
                0x08000bf4        0x2 .pio/build/nucleo_f401re/SrcWrapper/src/HAL/stm32yyxx_hal_tim.c.o
                0x08000bf4                HAL_TIM_PWM_PulseFinishedCallback
 .text.HAL_TIM_TriggerCallback
                0x08000bf6        0x2 .pio/build/nucleo_f401re/SrcWrapper/src/HAL/stm32yyxx_hal_tim.c.o
                0x08000bf6                HAL_TIM_TriggerCallback
 .text.HAL_TIM_IRQHandler
                0x08000bf8      0x128 .pio/build/nucleo_f401re/SrcWrapper/src/HAL/stm32yyxx_hal_tim.c.o
                0x08000bf8                HAL_TIM_IRQHandler
 .text.HAL_TIMEx_CommutCallback
                0x08000d20        0x2 .pio/build/nucleo_f401re/SrcWrapper/src/HAL/stm32yyxx_hal_tim_ex.c.o
                0x08000d20                HAL_TIMEx_CommutCallback
 .text.HAL_TIMEx_BreakCallback
                0x08000d22        0x2 .pio/build/nucleo_f401re/SrcWrapper/src/HAL/stm32yyxx_hal_tim_ex.c.o
                0x08000d22                HAL_TIMEx_BreakCallback
 .text.UART_EndRxTransfer
                0x08000d24       0x5c .pio/build/nucleo_f401re/SrcWrapper/src/HAL/stm32yyxx_hal_uart.c.o
 .text.HAL_UART_Transmit_IT
                0x08000d80       0x32 .pio/build/nucleo_f401re/SrcWrapper/src/HAL/stm32yyxx_hal_uart.c.o
                0x08000d80                HAL_UART_Transmit_IT
 .text.UART_DMAAbortOnError
                0x08000db2        0xe .pio/build/nucleo_f401re/SrcWrapper/src/HAL/stm32yyxx_hal_uart.c.o
 .text.HAL_UARTEx_RxEventCallback
                0x08000dc0        0x2 .pio/build/nucleo_f401re/SrcWrapper/src/HAL/stm32yyxx_hal_uart.c.o
                0x08000dc0                HAL_UARTEx_RxEventCallback
 .text.UART_Receive_IT.isra.0
                0x08000dc2       0xb6 .pio/build/nucleo_f401re/SrcWrapper/src/HAL/stm32yyxx_hal_uart.c.o
 .text.HAL_UART_IRQHandler
                0x08000e78      0x2e8 .pio/build/nucleo_f401re/SrcWrapper/src/HAL/stm32yyxx_hal_uart.c.o
                0x08000e78                HAL_UART_IRQHandler
 .text.HAL_HalfDuplex_EnableTransmitter
                0x08001160       0x30 .pio/build/nucleo_f401re/SrcWrapper/src/HAL/stm32yyxx_hal_uart.c.o
                0x08001160                HAL_HalfDuplex_EnableTransmitter
 .text.HAL_HalfDuplex_EnableReceiver
                0x08001190       0x30 .pio/build/nucleo_f401re/SrcWrapper/src/HAL/stm32yyxx_hal_uart.c.o
                0x08001190                HAL_HalfDuplex_EnableReceiver
 .text.HAL_UART_GetState
                0x080011c0        0xc .pio/build/nucleo_f401re/SrcWrapper/src/HAL/stm32yyxx_hal_uart.c.o
                0x080011c0                HAL_UART_GetState
 .text.UART_Start_Receive_IT
                0x080011cc       0x32 .pio/build/nucleo_f401re/SrcWrapper/src/HAL/stm32yyxx_hal_uart.c.o
                0x080011cc                UART_Start_Receive_IT
 .text.HAL_UART_Receive_IT
                0x080011fe       0x22 .pio/build/nucleo_f401re/SrcWrapper/src/HAL/stm32yyxx_hal_uart.c.o
                0x080011fe                HAL_UART_Receive_IT
 .text._ZNSt14_Function_baseD2Ev
                0x08001220       0x12 .pio/build/nucleo_f401re/SrcWrapper/src/HardwareTimer.cpp.o
                0x08001220                std::_Function_base::~_Function_base()
                0x08001220                std::_Function_base::~_Function_base()
 *fill*         0x08001232        0x2 
 .text.TIM1_UP_TIM10_IRQHandler
                0x08001234       0x24 .pio/build/nucleo_f401re/SrcWrapper/src/HardwareTimer.cpp.o
                0x08001234                TIM1_UP_TIM10_IRQHandler
 .text.TIM1_CC_IRQHandler
                0x08001258       0x14 .pio/build/nucleo_f401re/SrcWrapper/src/HardwareTimer.cpp.o
                0x08001258                TIM1_CC_IRQHandler
 .text.TIM2_IRQHandler
                0x0800126c       0x14 .pio/build/nucleo_f401re/SrcWrapper/src/HardwareTimer.cpp.o
                0x0800126c                TIM2_IRQHandler
 .text.TIM3_IRQHandler
                0x08001280       0x14 .pio/build/nucleo_f401re/SrcWrapper/src/HardwareTimer.cpp.o
                0x08001280                TIM3_IRQHandler
 .text.TIM4_IRQHandler
                0x08001294       0x14 .pio/build/nucleo_f401re/SrcWrapper/src/HardwareTimer.cpp.o
                0x08001294                TIM4_IRQHandler
 .text.TIM5_IRQHandler
                0x080012a8       0x14 .pio/build/nucleo_f401re/SrcWrapper/src/HardwareTimer.cpp.o
                0x080012a8                TIM5_IRQHandler
 .text.TIM1_BRK_TIM9_IRQHandler
                0x080012bc       0x14 .pio/build/nucleo_f401re/SrcWrapper/src/HardwareTimer.cpp.o
                0x080012bc                TIM1_BRK_TIM9_IRQHandler
 .text.TIM1_TRG_COM_TIM11_IRQHandler
                0x080012d0       0x14 .pio/build/nucleo_f401re/SrcWrapper/src/HardwareTimer.cpp.o
                0x080012d0                TIM1_TRG_COM_TIM11_IRQHandler
 .text._ZNKSt8functionIFvvEEclEv
                0x080012e4       0x12 .pio/build/nucleo_f401re/SrcWrapper/src/HardwareTimer.cpp.o
                0x080012e4                std::function<void ()>::operator()() const
 .text._ZN13HardwareTimer14updateCallbackEP17TIM_HandleTypeDef
                0x080012f6       0x18 .pio/build/nucleo_f401re/SrcWrapper/src/HardwareTimer.cpp.o
                0x080012f6                HardwareTimer::updateCallback(TIM_HandleTypeDef*)
 .text.HAL_TIM_PeriodElapsedCallback
                0x0800130e        0x4 .pio/build/nucleo_f401re/SrcWrapper/src/HardwareTimer.cpp.o
                0x0800130e                HAL_TIM_PeriodElapsedCallback
 .text._ZN13HardwareTimer22captureCompareCallbackEP17TIM_HandleTypeDef
                0x08001312       0x3e .pio/build/nucleo_f401re/SrcWrapper/src/HardwareTimer.cpp.o
                0x08001312                HardwareTimer::captureCompareCallback(TIM_HandleTypeDef*)
 .text.HAL_TIM_OC_DelayElapsedCallback
                0x08001350        0x4 .pio/build/nucleo_f401re/SrcWrapper/src/HardwareTimer.cpp.o
                0x08001350                HAL_TIM_OC_DelayElapsedCallback
 .text.HAL_TIM_IC_CaptureCallback
                0x08001354        0x4 .pio/build/nucleo_f401re/SrcWrapper/src/HardwareTimer.cpp.o
                0x08001354                HAL_TIM_IC_CaptureCallback
 .text.getCurrentMillis
                0x08001358        0x4 .pio/build/nucleo_f401re/SrcWrapper/src/stm32/clock.c.o
                0x08001358                getCurrentMillis
 .text.noOsSystickHandler
                0x0800135c        0x2 .pio/build/nucleo_f401re/SrcWrapper/src/stm32/clock.c.o
                0x0800135c                noOsSystickHandler
                0x0800135c                osSystickHandler
 .text.SysTick_Handler
                0x0800135e       0x10 .pio/build/nucleo_f401re/SrcWrapper/src/stm32/clock.c.o
                0x0800135e                SysTick_Handler
 .text.configHSECapacitorTuning
                0x0800136e        0x2 .pio/build/nucleo_f401re/SrcWrapper/src/stm32/clock.c.o
                0x0800136e                configHSECapacitorTuning
 .text.configIPClock
                0x08001370       0x4c .pio/build/nucleo_f401re/SrcWrapper/src/stm32/clock.c.o
                0x08001370                configIPClock
 .text.dwt_init
                0x080013bc       0x3c .pio/build/nucleo_f401re/SrcWrapper/src/stm32/dwt.c.o
                0x080013bc                dwt_init
 .text.hw_config_init
                0x080013f8       0x24 .pio/build/nucleo_f401re/SrcWrapper/src/stm32/hw_config.c.o
                0x080013f8                hw_config_init
 .text.startup._ZNSt8functionIFvvEEC2EDn.constprop.0.isra.0
                0x0800141c        0xc .pio/build/nucleo_f401re/SrcWrapper/src/stm32/interrupt.cpp.o
 .text.HAL_GPIO_EXTI_Callback
                0x08001428       0x2c .pio/build/nucleo_f401re/SrcWrapper/src/stm32/interrupt.cpp.o
                0x08001428                HAL_GPIO_EXTI_Callback
 .text.EXTI0_IRQHandler
                0x08001454        0x6 .pio/build/nucleo_f401re/SrcWrapper/src/stm32/interrupt.cpp.o
                0x08001454                EXTI0_IRQHandler
 .text.EXTI1_IRQHandler
                0x0800145a        0x6 .pio/build/nucleo_f401re/SrcWrapper/src/stm32/interrupt.cpp.o
                0x0800145a                EXTI1_IRQHandler
 .text.EXTI2_IRQHandler
                0x08001460        0x6 .pio/build/nucleo_f401re/SrcWrapper/src/stm32/interrupt.cpp.o
                0x08001460                EXTI2_IRQHandler
 .text.EXTI3_IRQHandler
                0x08001466        0x6 .pio/build/nucleo_f401re/SrcWrapper/src/stm32/interrupt.cpp.o
                0x08001466                EXTI3_IRQHandler
 .text.EXTI4_IRQHandler
                0x0800146c        0x6 .pio/build/nucleo_f401re/SrcWrapper/src/stm32/interrupt.cpp.o
                0x0800146c                EXTI4_IRQHandler
 .text.EXTI9_5_IRQHandler
                0x08001472       0x16 .pio/build/nucleo_f401re/SrcWrapper/src/stm32/interrupt.cpp.o
                0x08001472                EXTI9_5_IRQHandler
 .text.EXTI15_10_IRQHandler
                0x08001488       0x18 .pio/build/nucleo_f401re/SrcWrapper/src/stm32/interrupt.cpp.o
                0x08001488                EXTI15_10_IRQHandler
 .text.startup._GLOBAL__sub_I__Z22stm32_interrupt_enable7PinNameSt8functionIFvvEEm
                0x080014a0       0xd8 .pio/build/nucleo_f401re/SrcWrapper/src/stm32/interrupt.cpp.o
 .text.exit._GLOBAL__sub_D__Z22stm32_interrupt_enable7PinNameSt8functionIFvvEEm
                0x08001578       0x1c .pio/build/nucleo_f401re/SrcWrapper/src/stm32/interrupt.cpp.o
 .text.pinmap_find_peripheral
                0x08001594       0x16 .pio/build/nucleo_f401re/SrcWrapper/src/stm32/pinmap.c.o
                0x08001594                pinmap_find_peripheral
 .text.pinmap_peripheral
                0x080015aa        0xc .pio/build/nucleo_f401re/SrcWrapper/src/stm32/pinmap.c.o
                0x080015aa                pinmap_peripheral
 .text.pinmap_find_pin
                0x080015b6       0x16 .pio/build/nucleo_f401re/SrcWrapper/src/stm32/pinmap.c.o
                0x080015b6                pinmap_find_pin
 .text.pinmap_pin
                0x080015cc        0xc .pio/build/nucleo_f401re/SrcWrapper/src/stm32/pinmap.c.o
                0x080015cc                pinmap_pin
 .text.SystemInit
                0x080015d8       0x50 .pio/build/nucleo_f401re/SrcWrapper/src/stm32/system_stm32yyxx.c.o
                0x080015d8                SystemInit
 .text.get_timer_obj
                0x08001628        0x4 .pio/build/nucleo_f401re/SrcWrapper/src/stm32/timer.c.o
                0x08001628                get_timer_obj
 .text.serial_rx_active
                0x0800162c       0x24 .pio/build/nucleo_f401re/SrcWrapper/src/stm32/uart.c.o
                0x0800162c                serial_rx_active
 .text.serial_tx_active
                0x08001650       0x24 .pio/build/nucleo_f401re/SrcWrapper/src/stm32/uart.c.o
                0x08001650                serial_tx_active
 .text.uart_attach_tx_callback
                0x08001674       0x40 .pio/build/nucleo_f401re/SrcWrapper/src/stm32/uart.c.o
                0x08001674                uart_attach_tx_callback
 .text.uart_enable_tx
                0x080016b4       0x1c .pio/build/nucleo_f401re/SrcWrapper/src/stm32/uart.c.o
                0x080016b4                uart_enable_tx
 .text.uart_enable_rx
                0x080016d0       0x1c .pio/build/nucleo_f401re/SrcWrapper/src/stm32/uart.c.o
                0x080016d0                uart_enable_rx
 .text.HAL_UART_RxCpltCallback
                0x080016ec        0x6 .pio/build/nucleo_f401re/SrcWrapper/src/stm32/uart.c.o
                0x080016ec                HAL_UART_RxCpltCallback
 .text.HAL_UART_TxCpltCallback
                0x080016f2        0x6 .pio/build/nucleo_f401re/SrcWrapper/src/stm32/uart.c.o
                0x080016f2                HAL_UART_TxCpltCallback
 .text.HAL_UART_ErrorCallback
                0x080016f8       0x7c .pio/build/nucleo_f401re/SrcWrapper/src/stm32/uart.c.o
                0x080016f8                HAL_UART_ErrorCallback
 .text.USART1_IRQHandler
                0x08001774       0x18 .pio/build/nucleo_f401re/SrcWrapper/src/stm32/uart.c.o
                0x08001774                USART1_IRQHandler
 .text.USART2_IRQHandler
                0x0800178c       0x1c .pio/build/nucleo_f401re/SrcWrapper/src/stm32/uart.c.o
                0x0800178c                USART2_IRQHandler
 .text.USART6_IRQHandler
                0x080017a8       0x18 .pio/build/nucleo_f401re/SrcWrapper/src/stm32/uart.c.o
                0x080017a8                USART6_IRQHandler
 .text._exit    0x080017c0        0x2 .pio/build/nucleo_f401re/SrcWrapper/src/syscalls.c.o
                0x080017c0                _exit
 *fill*         0x080017c2        0x2 
 .text._kill    0x080017c4       0x10 .pio/build/nucleo_f401re/SrcWrapper/src/syscalls.c.o
                0x080017c4                _kill
 .text._getpid  0x080017d4        0x4 .pio/build/nucleo_f401re/SrcWrapper/src/syscalls.c.o
                0x080017d4                _getpid
 .text.setup    0x080017d8       0x7c .pio/build/nucleo_f401re/src/main.cpp.o
                0x080017d8                setup
 .text.loop     0x08001854       0x58 .pio/build/nucleo_f401re/src/main.cpp.o
                0x08001854                loop
 .text.startup._Z7premainv
                0x080018ac       0x10 .pio/build/nucleo_f401re/libFrameworkArduino.a(main.cpp.o)
                0x080018ac                premain()
 .text.startup.main
                0x080018bc       0x14 .pio/build/nucleo_f401re/libFrameworkArduino.a(main.cpp.o)
                0x080018bc                main
 .text.Reset_Handler
                0x080018d0       0x50 .pio/build/nucleo_f401re/libFrameworkArduino.a(startup_stm32yyxx.S.o)
                0x080018d0                Reset_Handler
 .text.Default_Handler
                0x08001920        0x2 .pio/build/nucleo_f401re/libFrameworkArduino.a(startup_stm32yyxx.S.o)
                0x08001920                RTC_Alarm_IRQHandler
                0x08001920                DebugMon_Handler
                0x08001920                SPI4_IRQHandler
                0x08001920                DMA2_Stream5_IRQHandler
                0x08001920                HardFault_Handler
                0x08001920                DMA1_Stream5_IRQHandler
                0x08001920                PVD_IRQHandler
                0x08001920                SDIO_IRQHandler
                0x08001920                TAMP_STAMP_IRQHandler
                0x08001920                PendSV_Handler
                0x08001920                NMI_Handler
                0x08001920                I2C3_ER_IRQHandler
                0x08001920                I2C2_EV_IRQHandler
                0x08001920                DMA1_Stream2_IRQHandler
                0x08001920                FPU_IRQHandler
                0x08001920                UsageFault_Handler
                0x08001920                DMA2_Stream2_IRQHandler
                0x08001920                SPI1_IRQHandler
                0x08001920                DMA2_Stream3_IRQHandler
                0x08001920                DMA2_Stream0_IRQHandler
                0x08001920                I2C1_EV_IRQHandler
                0x08001920                DMA1_Stream6_IRQHandler
                0x08001920                DMA1_Stream1_IRQHandler
                0x08001920                RCC_IRQHandler
                0x08001920                Default_Handler
                0x08001920                ADC_IRQHandler
                0x08001920                DMA1_Stream7_IRQHandler
                0x08001920                DMA2_Stream7_IRQHandler
                0x08001920                I2C3_EV_IRQHandler
                0x08001920                RTC_WKUP_IRQHandler
                0x08001920                SPI2_IRQHandler
                0x08001920                MemManage_Handler
                0x08001920                DMA1_Stream0_IRQHandler
                0x08001920                SVC_Handler
                0x08001920                WWDG_IRQHandler
                0x08001920                OTG_FS_WKUP_IRQHandler
                0x08001920                I2C2_ER_IRQHandler
                0x08001920                DMA2_Stream1_IRQHandler
                0x08001920                FLASH_IRQHandler
                0x08001920                DMA2_Stream4_IRQHandler
                0x08001920                BusFault_Handler
                0x08001920                OTG_FS_IRQHandler
                0x08001920                SPI3_IRQHandler
                0x08001920                DMA1_Stream4_IRQHandler
                0x08001920                I2C1_ER_IRQHandler
                0x08001920                DMA2_Stream6_IRQHandler
                0x08001920                DMA1_Stream3_IRQHandler
 .text.millis   0x08001922        0x4 .pio/build/nucleo_f401re/libFrameworkArduino.a(wiring_time.c.o)
                0x08001922                millis
 *fill*         0x08001926        0x2 
 .text._Z14serialEventRunv
                0x08001928       0x1c .pio/build/nucleo_f401re/libFrameworkArduino.a(WSerial.cpp.o)
                0x08001928                serialEventRun()
 .text.init     0x08001944        0x4 .pio/build/nucleo_f401re/libFrameworkArduino.a(board.c.o)
                0x08001944                init
 .text._ZN14HardwareSerial9availableEv
                0x08001948       0x10 .pio/build/nucleo_f401re/libFrameworkArduino.a(HardwareSerial.cpp.o)
                0x08001948                HardwareSerial::available()
 .text._ZN14HardwareSerial4peekEv
                0x08001958       0x1a .pio/build/nucleo_f401re/libFrameworkArduino.a(HardwareSerial.cpp.o)
                0x08001958                HardwareSerial::peek()
 .text._ZN14HardwareSerial17availableForWriteEv
                0x08001972       0x1c .pio/build/nucleo_f401re/libFrameworkArduino.a(HardwareSerial.cpp.o)
                0x08001972                HardwareSerial::availableForWrite()
 .text._ZN14HardwareSerial5writeEh
                0x0800198e       0x18 .pio/build/nucleo_f401re/libFrameworkArduino.a(HardwareSerial.cpp.o)
                0x0800198e                HardwareSerial::write(unsigned char)
 *fill*         0x080019a6        0x2 
 .text._ZN14HardwareSerial16_tx_complete_irqEP8serial_s
                0x080019a8       0x60 .pio/build/nucleo_f401re/libFrameworkArduino.a(HardwareSerial.cpp.o)
                0x080019a8                HardwareSerial::_tx_complete_irq(serial_s*)
 .text._ZN14HardwareSerial5writeEPKhj
                0x08001a08       0xe4 .pio/build/nucleo_f401re/libFrameworkArduino.a(HardwareSerial.cpp.o)
                0x08001a08                HardwareSerial::write(unsigned char const*, unsigned int)
 .text._ZN14HardwareSerial4initE7PinNameS0_S0_S0_
                0x08001aec       0x32 .pio/build/nucleo_f401re/libFrameworkArduino.a(HardwareSerial.cpp.o)
                0x08001aec                HardwareSerial::init(PinName, PinName, PinName, PinName)
 .text._ZN14HardwareSerial5flushEm
                0x08001b1e       0x36 .pio/build/nucleo_f401re/libFrameworkArduino.a(HardwareSerial.cpp.o)
                0x08001b1e                HardwareSerial::flush(unsigned long)
 .text._ZN14HardwareSerial5flushEv
                0x08001b54        0x6 .pio/build/nucleo_f401re/libFrameworkArduino.a(HardwareSerial.cpp.o)
                0x08001b54                HardwareSerial::flush()
 *fill*         0x08001b5a        0x2 
 .text._ZN14HardwareSerial5setRxEm
                0x08001b5c       0x48 .pio/build/nucleo_f401re/libFrameworkArduino.a(HardwareSerial.cpp.o)
                0x08001b5c                HardwareSerial::setRx(unsigned long)
 .text._ZN14HardwareSerial5setTxEm
                0x08001ba4       0x48 .pio/build/nucleo_f401re/libFrameworkArduino.a(HardwareSerial.cpp.o)
                0x08001ba4                HardwareSerial::setTx(unsigned long)
 .text._ZN14HardwareSerialC2EPv16HalfDuplexMode_t
                0x08001bec       0x9c .pio/build/nucleo_f401re/libFrameworkArduino.a(HardwareSerial.cpp.o)
                0x08001bec                HardwareSerial::HardwareSerial(void*, HalfDuplexMode_t)
                0x08001bec                HardwareSerial::HardwareSerial(void*, HalfDuplexMode_t)
 .text._ZN14HardwareSerial18enableHalfDuplexRxEv
                0x08001c88       0x2c .pio/build/nucleo_f401re/libFrameworkArduino.a(HardwareSerial.cpp.o)
                0x08001c88                HardwareSerial::enableHalfDuplexRx()
 .text._ZN14HardwareSerial4readEv
                0x08001cb4       0x2e .pio/build/nucleo_f401re/libFrameworkArduino.a(HardwareSerial.cpp.o)
                0x08001cb4                HardwareSerial::read()
 *fill*         0x08001ce2        0x2 
 .text.startup._GLOBAL__sub_I_Serial2
                0x08001ce4       0x14 .pio/build/nucleo_f401re/libFrameworkArduino.a(HardwareSerial.cpp.o)
 .text._ZN6Stream9timedReadEv
                0x08001cf8       0x2a .pio/build/nucleo_f401re/libFrameworkArduino.a(Stream.cpp.o)
                0x08001cf8                Stream::timedRead()
 .text._ZN6Stream9readBytesEPcj
                0x08001d22       0x22 .pio/build/nucleo_f401re/libFrameworkArduino.a(Stream.cpp.o)
                0x08001d22                Stream::readBytes(char*, unsigned int)
 .text._ZN6Stream14readBytesUntilEcPcj
                0x08001d44       0x30 .pio/build/nucleo_f401re/libFrameworkArduino.a(Stream.cpp.o)
                0x08001d44                Stream::readBytesUntil(char, char*, unsigned int)
 .text.__udivmoddi4
                0x08001d74      0x2bc /home/saeee/.platformio/packages/toolchain-gccarmnoneeabi/bin/../lib/gcc/arm-none-eabi/12.3.1/thumb/v7e-m+fp/hard/libgcc.a(_udivmoddi4.o)
                0x08001d74                __udivmoddi4
 .text.unlikely._ZSt25__throw_bad_function_callv
                0x08002030        0x6 /home/saeee/.platformio/packages/toolchain-gccarmnoneeabi/bin/../lib/gcc/arm-none-eabi/12.3.1/../../../../arm-none-eabi/lib/thumb/v7e-m+fp/hard/libstdc++_nano.a(functional.o)
                0x08002030                std::__throw_bad_function_call()
 .text.abort    0x08002036        0xe /home/saeee/.platformio/packages/toolchain-gccarmnoneeabi/bin/../lib/gcc/arm-none-eabi/12.3.1/../../../../arm-none-eabi/lib/thumb/v7e-m+fp/hard/libc_nano.a(libc_a-abort.o)
                0x08002036                abort
 .text.memset   0x08002044       0x10 /home/saeee/.platformio/packages/toolchain-gccarmnoneeabi/bin/../lib/gcc/arm-none-eabi/12.3.1/../../../../arm-none-eabi/lib/thumb/v7e-m+fp/hard/libc_nano.a(libc_a-memset.o)
                0x08002044                memset
 .text._raise_r
                0x08002054       0x50 /home/saeee/.platformio/packages/toolchain-gccarmnoneeabi/bin/../lib/gcc/arm-none-eabi/12.3.1/../../../../arm-none-eabi/lib/thumb/v7e-m+fp/hard/libc_nano.a(libc_a-signal.o)
                0x08002054                _raise_r
 .text.raise    0x080020a4       0x10 /home/saeee/.platformio/packages/toolchain-gccarmnoneeabi/bin/../lib/gcc/arm-none-eabi/12.3.1/../../../../arm-none-eabi/lib/thumb/v7e-m+fp/hard/libc_nano.a(libc_a-signal.o)
                0x080020a4                raise
 .text._kill_r  0x080020b4       0x24 /home/saeee/.platformio/packages/toolchain-gccarmnoneeabi/bin/../lib/gcc/arm-none-eabi/12.3.1/../../../../arm-none-eabi/lib/thumb/v7e-m+fp/hard/libc_nano.a(libc_a-signalr.o)
                0x080020b4                _kill_r
 .text._getpid_r
                0x080020d8        0x4 /home/saeee/.platformio/packages/toolchain-gccarmnoneeabi/bin/../lib/gcc/arm-none-eabi/12.3.1/../../../../arm-none-eabi/lib/thumb/v7e-m+fp/hard/libc_nano.a(libc_a-signalr.o)
                0x080020d8                _getpid_r
 .text.__libc_init_array
                0x080020dc       0x48 /home/saeee/.platformio/packages/toolchain-gccarmnoneeabi/bin/../lib/gcc/arm-none-eabi/12.3.1/../../../../arm-none-eabi/lib/thumb/v7e-m+fp/hard/libc_nano.a(libc_a-init.o)
                0x080020dc                __libc_init_array
 .text.memcpy   0x08002124       0x1c /home/saeee/.platformio/packages/toolchain-gccarmnoneeabi/bin/../lib/gcc/arm-none-eabi/12.3.1/../../../../arm-none-eabi/lib/thumb/v7e-m+fp/hard/libc_nano.a(libc_a-memcpy-stub.o)
                0x08002124                memcpy
 *(.glue_7)
 .glue_7        0x08002140        0x0 linker stubs
 *(.glue_7t)
 .glue_7t       0x08002140        0x0 linker stubs
 *(.eh_frame)
 .eh_frame      0x08002140        0x0 /home/saeee/.platformio/packages/toolchain-gccarmnoneeabi/bin/../lib/gcc/arm-none-eabi/12.3.1/thumb/v7e-m+fp/hard/crtbegin.o
 *(.init)
 .init          0x08002140        0x4 /home/saeee/.platformio/packages/toolchain-gccarmnoneeabi/bin/../lib/gcc/arm-none-eabi/12.3.1/thumb/v7e-m+fp/hard/crti.o
                0x08002140                _init
 .init          0x08002144        0x8 /home/saeee/.platformio/packages/toolchain-gccarmnoneeabi/bin/../lib/gcc/arm-none-eabi/12.3.1/thumb/v7e-m+fp/hard/crtn.o
 *(.fini)
 .fini          0x0800214c        0x4 /home/saeee/.platformio/packages/toolchain-gccarmnoneeabi/bin/../lib/gcc/arm-none-eabi/12.3.1/thumb/v7e-m+fp/hard/crti.o
                0x0800214c                _fini
 .fini          0x08002150        0x8 /home/saeee/.platformio/packages/toolchain-gccarmnoneeabi/bin/../lib/gcc/arm-none-eabi/12.3.1/thumb/v7e-m+fp/hard/crtn.o
                0x08002158                        . = ALIGN (0x4)
                0x08002158                        _etext = .

.vfp11_veneer   0x08002158        0x0
 .vfp11_veneer  0x08002158        0x0 linker stubs

.v4_bx          0x08002158        0x0
 .v4_bx         0x08002158        0x0 linker stubs

.iplt           0x08002158        0x0
 .iplt          0x08002158        0x0 /home/saeee/.platformio/packages/toolchain-gccarmnoneeabi/bin/../lib/gcc/arm-none-eabi/12.3.1/thumb/v7e-m+fp/hard/crtbegin.o

.rodata         0x08002158      0x1dc
                0x08002158                        . = ALIGN (0x4)
 *(.rodata)
 *(.rodata*)
 .rodata.PinMap_UART_RX
                0x08002158       0x48 .pio/build/nucleo_f401re/FrameworkArduinoVariant/PeripheralPins.c.o
                0x08002158                PinMap_UART_RX
 .rodata.PinMap_UART_TX
                0x080021a0       0x48 .pio/build/nucleo_f401re/FrameworkArduinoVariant/PeripheralPins.c.o
                0x080021a0                PinMap_UART_TX
 .rodata.analogInputPin
                0x080021e8       0x40 .pio/build/nucleo_f401re/FrameworkArduinoVariant/variant_NUCLEO_F401RE.cpp.o
                0x080021e8                analogInputPin
 .rodata.digitalPin
                0x08002228       0xd0 .pio/build/nucleo_f401re/FrameworkArduinoVariant/variant_NUCLEO_F401RE.cpp.o
                0x08002228                digitalPin
 .rodata.AHBPrescTable
                0x080022f8       0x10 .pio/build/nucleo_f401re/SrcWrapper/src/stm32/system_stm32yyxx.c.o
                0x080022f8                AHBPrescTable
 .rodata._ZTV14HardwareSerial
                0x08002308       0x2c .pio/build/nucleo_f401re/libFrameworkArduino.a(HardwareSerial.cpp.o)
                0x08002308                vtable for HardwareSerial
                0x08002334                        . = ALIGN (0x4)

.ARM.extab      0x08002334        0x0
                0x08002334                        . = ALIGN (0x4)
 *(.ARM.extab* .gnu.linkonce.armextab.*)
                0x08002334                        . = ALIGN (0x4)

.ARM            0x08002334        0x8
                0x08002334                        . = ALIGN (0x4)
                0x08002334                        __exidx_start = .
 *(.ARM.exidx*)
 .ARM.exidx.text.__udivmoddi4
                0x08002334        0x8 /home/saeee/.platformio/packages/toolchain-gccarmnoneeabi/bin/../lib/gcc/arm-none-eabi/12.3.1/thumb/v7e-m+fp/hard/libgcc.a(_udivmoddi4.o)
                0x0800233c                        __exidx_end = .
                0x0800233c                        . = ALIGN (0x4)

.preinit_array  0x0800233c        0x0
                0x0800233c                        . = ALIGN (0x4)
                0x0800233c                        PROVIDE (__preinit_array_start = .)
 *(.preinit_array*)
                0x0800233c                        PROVIDE (__preinit_array_end = .)
                0x0800233c                        . = ALIGN (0x4)

.init_array     0x0800233c       0x10
                0x0800233c                        . = ALIGN (0x4)
                0x0800233c                        PROVIDE (__init_array_start = .)
 *(SORT_BY_NAME(.init_array.*))
 .init_array.00101
                0x0800233c        0x4 .pio/build/nucleo_f401re/libFrameworkArduino.a(main.cpp.o)
 *(.init_array*)
 .init_array    0x08002340        0x4 /home/saeee/.platformio/packages/toolchain-gccarmnoneeabi/bin/../lib/gcc/arm-none-eabi/12.3.1/thumb/v7e-m+fp/hard/crtbegin.o
 .init_array    0x08002344        0x4 .pio/build/nucleo_f401re/SrcWrapper/src/stm32/interrupt.cpp.o
 .init_array    0x08002348        0x4 .pio/build/nucleo_f401re/libFrameworkArduino.a(HardwareSerial.cpp.o)
                0x0800234c                        PROVIDE (__init_array_end = .)
                0x0800234c                        . = ALIGN (0x4)

.fini_array     0x0800234c        0x8
                0x0800234c                        . = ALIGN (0x4)
                0x0800234c                        PROVIDE (__fini_array_start = .)
 *(SORT_BY_NAME(.fini_array.*))
 *(.fini_array*)
 .fini_array    0x0800234c        0x4 /home/saeee/.platformio/packages/toolchain-gccarmnoneeabi/bin/../lib/gcc/arm-none-eabi/12.3.1/thumb/v7e-m+fp/hard/crtbegin.o
 .fini_array    0x08002350        0x4 .pio/build/nucleo_f401re/SrcWrapper/src/stm32/interrupt.cpp.o
                0x08002354                        PROVIDE (__fini_array_end = .)
                0x08002354                        . = ALIGN (0x4)
                0x08002354                        _sidata = LOADADDR (.data)

.rel.dyn        0x08002354        0x0
 .rel.iplt      0x08002354        0x0 /home/saeee/.platformio/packages/toolchain-gccarmnoneeabi/bin/../lib/gcc/arm-none-eabi/12.3.1/thumb/v7e-m+fp/hard/crtbegin.o

.data           0x20000000       0x68 load address 0x08002354
                0x20000000                        . = ALIGN (0x4)
                0x20000000                        _sdata = .
 *(.data)
 *(.data*)
 .data.uwTickFreq
                0x20000000        0x1 .pio/build/nucleo_f401re/SrcWrapper/src/HAL/stm32yyxx_hal.c.o
                0x20000000                uwTickFreq
 *fill*         0x20000001        0x3 
 .data.uwTickPrio
                0x20000004        0x4 .pio/build/nucleo_f401re/SrcWrapper/src/HAL/stm32yyxx_hal.c.o
                0x20000004                uwTickPrio
 .data.hcrc     0x20000008        0x8 .pio/build/nucleo_f401re/SrcWrapper/src/stm32/hw_config.c.o
                0x20000008                hcrc
 .data.SystemCoreClock
                0x20000010        0x4 .pio/build/nucleo_f401re/SrcWrapper/src/stm32/system_stm32yyxx.c.o
                0x20000010                SystemCoreClock
 .data._ZZL25Task1_ButtonControlledLEDvE12button_state
                0x20000014        0x1 .pio/build/nucleo_f401re/src/main.cpp.o
 .data._ZZL25Task1_ButtonControlledLEDvE17last_button_state
                0x20000015        0x1 .pio/build/nucleo_f401re/src/main.cpp.o
 *fill*         0x20000016        0x2 
 .data._impure_ptr
                0x20000018        0x4 /home/saeee/.platformio/packages/toolchain-gccarmnoneeabi/bin/../lib/gcc/arm-none-eabi/12.3.1/../../../../arm-none-eabi/lib/thumb/v7e-m+fp/hard/libc_nano.a(libc_a-impure.o)
                0x20000018                _impure_ptr
 .data._impure_data
                0x2000001c       0x4c /home/saeee/.platformio/packages/toolchain-gccarmnoneeabi/bin/../lib/gcc/arm-none-eabi/12.3.1/../../../../arm-none-eabi/lib/thumb/v7e-m+fp/hard/libc_nano.a(libc_a-impure.o)
                0x2000001c                _impure_data
 *(.RamFunc)
 *(.RamFunc*)
                0x20000068                        . = ALIGN (0x4)
                0x20000068                        _edata = .

.igot.plt       0x20000068        0x0 load address 0x080023bc
 .igot.plt      0x20000068        0x0 /home/saeee/.platformio/packages/toolchain-gccarmnoneeabi/bin/../lib/gcc/arm-none-eabi/12.3.1/thumb/v7e-m+fp/hard/crtbegin.o
                0x20000068                        . = ALIGN (0x4)

.bss            0x20000068      0x3e4 load address 0x080023bc
                0x20000068                        _sbss = .
                0x20000068                        __bss_start__ = _sbss
 *(.bss)
 *(.bss*)
 .bss.completed.1
                0x20000068        0x1 /home/saeee/.platformio/packages/toolchain-gccarmnoneeabi/bin/../lib/gcc/arm-none-eabi/12.3.1/thumb/v7e-m+fp/hard/crtbegin.o
 *fill*         0x20000069        0x3 
 .bss.object.0  0x2000006c       0x18 /home/saeee/.platformio/packages/toolchain-gccarmnoneeabi/bin/../lib/gcc/arm-none-eabi/12.3.1/thumb/v7e-m+fp/hard/crtbegin.o
 .bss.uwTick    0x20000084        0x4 .pio/build/nucleo_f401re/SrcWrapper/src/HAL/stm32yyxx_hal.c.o
                0x20000084                uwTick
 .bss.HardwareTimer_Handle
                0x20000088       0x20 .pio/build/nucleo_f401re/SrcWrapper/src/HardwareTimer.cpp.o
                0x20000088                HardwareTimer_Handle
 .bss._ZL13gpio_irq_conf
                0x200000a8      0x140 .pio/build/nucleo_f401re/SrcWrapper/src/stm32/interrupt.cpp.o
 .bss.uart_handlers
                0x200001e8        0xc .pio/build/nucleo_f401re/SrcWrapper/src/stm32/uart.c.o
 .bss._ZZL25Task1_ButtonControlledLEDvE18last_debounce_time
                0x200001f4        0x4 .pio/build/nucleo_f401re/src/main.cpp.o
 .bss.Serial2   0x200001f8      0x118 .pio/build/nucleo_f401re/libFrameworkArduino.a(HardwareSerial.cpp.o)
                0x200001f8                Serial2
 .bss.__sf      0x20000310      0x138 /home/saeee/.platformio/packages/toolchain-gccarmnoneeabi/bin/../lib/gcc/arm-none-eabi/12.3.1/../../../../arm-none-eabi/lib/thumb/v7e-m+fp/hard/libc_nano.a(libc_a-findfp.o)
                0x20000310                __sf
 .bss.errno     0x20000448        0x4 /home/saeee/.platformio/packages/toolchain-gccarmnoneeabi/bin/../lib/gcc/arm-none-eabi/12.3.1/../../../../arm-none-eabi/lib/thumb/v7e-m+fp/hard/libc_nano.a(libc_a-reent.o)
                0x20000448                errno
 *(COMMON)
                0x2000044c                        . = ALIGN (0x4)
                0x2000044c                        _ebss = .
                0x2000044c                        __bss_end__ = _ebss
LOAD /home/saeee/.platformio/packages/toolchain-gccarmnoneeabi/bin/../lib/gcc/arm-none-eabi/12.3.1/thumb/v7e-m+fp/hard/crti.o
LOAD /home/saeee/.platformio/packages/toolchain-gccarmnoneeabi/bin/../lib/gcc/arm-none-eabi/12.3.1/thumb/v7e-m+fp/hard/crtbegin.o
LOAD /home/saeee/.platformio/packages/toolchain-gccarmnoneeabi/bin/../lib/gcc/arm-none-eabi/12.3.1/../../../../arm-none-eabi/lib/thumb/v7e-m+fp/hard/crt0.o
                0x00080000                        LD_MAX_SIZE = 0x80000
                0x00018000                        LD_MAX_DATA_SIZE = 0x18000
                0x00000000                        LD_FLASH_OFFSET = 0x0
LOAD .pio/build/nucleo_f401re/FrameworkArduinoVariant/PeripheralPins.c.o
LOAD .pio/build/nucleo_f401re/FrameworkArduinoVariant/PeripheralPins_CoreBoard_F401RC.c.o
LOAD .pio/build/nucleo_f401re/FrameworkArduinoVariant/generic_clock.c.o
LOAD .pio/build/nucleo_f401re/FrameworkArduinoVariant/variant_CoreBoard_F401RC.cpp.o
LOAD .pio/build/nucleo_f401re/FrameworkArduinoVariant/variant_NUCLEO_F401RE.cpp.o
LOAD .pio/build/nucleo_f401re/FrameworkArduinoVariant/variant_generic.cpp.o
LOAD .pio/build/nucleo_f401re/SrcWrapper/src/HAL/stm32yyxx_hal.c.o
LOAD .pio/build/nucleo_f401re/SrcWrapper/src/HAL/stm32yyxx_hal_adc.c.o
LOAD .pio/build/nucleo_f401re/SrcWrapper/src/HAL/stm32yyxx_hal_adc_ex.c.o
LOAD .pio/build/nucleo_f401re/SrcWrapper/src/HAL/stm32yyxx_hal_can.c.o
LOAD .pio/build/nucleo_f401re/SrcWrapper/src/HAL/stm32yyxx_hal_ccb.c.o
LOAD .pio/build/nucleo_f401re/SrcWrapper/src/HAL/stm32yyxx_hal_cec.c.o
LOAD .pio/build/nucleo_f401re/SrcWrapper/src/HAL/stm32yyxx_hal_comp.c.o
LOAD .pio/build/nucleo_f401re/SrcWrapper/src/HAL/stm32yyxx_hal_comp_ex.c.o
LOAD .pio/build/nucleo_f401re/SrcWrapper/src/HAL/stm32yyxx_hal_cordic.c.o
LOAD .pio/build/nucleo_f401re/SrcWrapper/src/HAL/stm32yyxx_hal_cortex.c.o
LOAD .pio/build/nucleo_f401re/SrcWrapper/src/HAL/stm32yyxx_hal_crc.c.o
LOAD .pio/build/nucleo_f401re/SrcWrapper/src/HAL/stm32yyxx_hal_crc_ex.c.o
LOAD .pio/build/nucleo_f401re/SrcWrapper/src/HAL/stm32yyxx_hal_cryp.c.o
LOAD .pio/build/nucleo_f401re/SrcWrapper/src/HAL/stm32yyxx_hal_cryp_ex.c.o
LOAD .pio/build/nucleo_f401re/SrcWrapper/src/HAL/stm32yyxx_hal_dac.c.o
LOAD .pio/build/nucleo_f401re/SrcWrapper/src/HAL/stm32yyxx_hal_dac_ex.c.o
LOAD .pio/build/nucleo_f401re/SrcWrapper/src/HAL/stm32yyxx_hal_dcache.c.o
LOAD .pio/build/nucleo_f401re/SrcWrapper/src/HAL/stm32yyxx_hal_dcmi.c.o
LOAD .pio/build/nucleo_f401re/SrcWrapper/src/HAL/stm32yyxx_hal_dcmi_ex.c.o
LOAD .pio/build/nucleo_f401re/SrcWrapper/src/HAL/stm32yyxx_hal_dfsdm.c.o
LOAD .pio/build/nucleo_f401re/SrcWrapper/src/HAL/stm32yyxx_hal_dfsdm_ex.c.o
LOAD .pio/build/nucleo_f401re/SrcWrapper/src/HAL/stm32yyxx_hal_dma.c.o
LOAD .pio/build/nucleo_f401re/SrcWrapper/src/HAL/stm32yyxx_hal_dma2d.c.o
LOAD .pio/build/nucleo_f401re/SrcWrapper/src/HAL/stm32yyxx_hal_dma_ex.c.o
LOAD .pio/build/nucleo_f401re/SrcWrapper/src/HAL/stm32yyxx_hal_dsi.c.o
LOAD .pio/build/nucleo_f401re/SrcWrapper/src/HAL/stm32yyxx_hal_dts.c.o
LOAD .pio/build/nucleo_f401re/SrcWrapper/src/HAL/stm32yyxx_hal_eth.c.o
LOAD .pio/build/nucleo_f401re/SrcWrapper/src/HAL/stm32yyxx_hal_eth_ex.c.o
LOAD .pio/build/nucleo_f401re/SrcWrapper/src/HAL/stm32yyxx_hal_exti.c.o
LOAD .pio/build/nucleo_f401re/SrcWrapper/src/HAL/stm32yyxx_hal_fdcan.c.o
LOAD .pio/build/nucleo_f401re/SrcWrapper/src/HAL/stm32yyxx_hal_firewall.c.o
LOAD .pio/build/nucleo_f401re/SrcWrapper/src/HAL/stm32yyxx_hal_flash.c.o
LOAD .pio/build/nucleo_f401re/SrcWrapper/src/HAL/stm32yyxx_hal_flash_ex.c.o
LOAD .pio/build/nucleo_f401re/SrcWrapper/src/HAL/stm32yyxx_hal_flash_ramfunc.c.o
LOAD .pio/build/nucleo_f401re/SrcWrapper/src/HAL/stm32yyxx_hal_fmac.c.o
LOAD .pio/build/nucleo_f401re/SrcWrapper/src/HAL/stm32yyxx_hal_fmpi2c.c.o
LOAD .pio/build/nucleo_f401re/SrcWrapper/src/HAL/stm32yyxx_hal_fmpi2c_ex.c.o
LOAD .pio/build/nucleo_f401re/SrcWrapper/src/HAL/stm32yyxx_hal_fmpsmbus.c.o
LOAD .pio/build/nucleo_f401re/SrcWrapper/src/HAL/stm32yyxx_hal_fmpsmbus_ex.c.o
LOAD .pio/build/nucleo_f401re/SrcWrapper/src/HAL/stm32yyxx_hal_gfxmmu.c.o
LOAD .pio/build/nucleo_f401re/SrcWrapper/src/HAL/stm32yyxx_hal_gfxtim.c.o
LOAD .pio/build/nucleo_f401re/SrcWrapper/src/HAL/stm32yyxx_hal_gpio.c.o
LOAD .pio/build/nucleo_f401re/SrcWrapper/src/HAL/stm32yyxx_hal_gpio_ex.c.o
LOAD .pio/build/nucleo_f401re/SrcWrapper/src/HAL/stm32yyxx_hal_gpu2d.c.o
LOAD .pio/build/nucleo_f401re/SrcWrapper/src/HAL/stm32yyxx_hal_gtzc.c.o
LOAD .pio/build/nucleo_f401re/SrcWrapper/src/HAL/stm32yyxx_hal_hash.c.o
LOAD .pio/build/nucleo_f401re/SrcWrapper/src/HAL/stm32yyxx_hal_hash_ex.c.o
LOAD .pio/build/nucleo_f401re/SrcWrapper/src/HAL/stm32yyxx_hal_hcd.c.o
LOAD .pio/build/nucleo_f401re/SrcWrapper/src/HAL/stm32yyxx_hal_hrtim.c.o
LOAD .pio/build/nucleo_f401re/SrcWrapper/src/HAL/stm32yyxx_hal_hsem.c.o
LOAD .pio/build/nucleo_f401re/SrcWrapper/src/HAL/stm32yyxx_hal_i2c.c.o
LOAD .pio/build/nucleo_f401re/SrcWrapper/src/HAL/stm32yyxx_hal_i2c_ex.c.o
LOAD .pio/build/nucleo_f401re/SrcWrapper/src/HAL/stm32yyxx_hal_i2s.c.o
LOAD .pio/build/nucleo_f401re/SrcWrapper/src/HAL/stm32yyxx_hal_i2s_ex.c.o
LOAD .pio/build/nucleo_f401re/SrcWrapper/src/HAL/stm32yyxx_hal_i3c.c.o
LOAD .pio/build/nucleo_f401re/SrcWrapper/src/HAL/stm32yyxx_hal_icache.c.o
LOAD .pio/build/nucleo_f401re/SrcWrapper/src/HAL/stm32yyxx_hal_ipcc.c.o
LOAD .pio/build/nucleo_f401re/SrcWrapper/src/HAL/stm32yyxx_hal_irda.c.o
LOAD .pio/build/nucleo_f401re/SrcWrapper/src/HAL/stm32yyxx_hal_iwdg.c.o
LOAD .pio/build/nucleo_f401re/SrcWrapper/src/HAL/stm32yyxx_hal_jpeg.c.o
LOAD .pio/build/nucleo_f401re/SrcWrapper/src/HAL/stm32yyxx_hal_lcd.c.o
LOAD .pio/build/nucleo_f401re/SrcWrapper/src/HAL/stm32yyxx_hal_lpawur.c.o
LOAD .pio/build/nucleo_f401re/SrcWrapper/src/HAL/stm32yyxx_hal_lptim.c.o
LOAD .pio/build/nucleo_f401re/SrcWrapper/src/HAL/stm32yyxx_hal_ltdc.c.o
LOAD .pio/build/nucleo_f401re/SrcWrapper/src/HAL/stm32yyxx_hal_ltdc_ex.c.o
LOAD .pio/build/nucleo_f401re/SrcWrapper/src/HAL/stm32yyxx_hal_mdf.c.o
LOAD .pio/build/nucleo_f401re/SrcWrapper/src/HAL/stm32yyxx_hal_mdios.c.o
LOAD .pio/build/nucleo_f401re/SrcWrapper/src/HAL/stm32yyxx_hal_mdma.c.o
LOAD .pio/build/nucleo_f401re/SrcWrapper/src/HAL/stm32yyxx_hal_mmc.c.o
LOAD .pio/build/nucleo_f401re/SrcWrapper/src/HAL/stm32yyxx_hal_mmc_ex.c.o
LOAD .pio/build/nucleo_f401re/SrcWrapper/src/HAL/stm32yyxx_hal_mrsubg.c.o
LOAD .pio/build/nucleo_f401re/SrcWrapper/src/HAL/stm32yyxx_hal_mrsubg_timer.c.o
LOAD .pio/build/nucleo_f401re/SrcWrapper/src/HAL/stm32yyxx_hal_nand.c.o
LOAD .pio/build/nucleo_f401re/SrcWrapper/src/HAL/stm32yyxx_hal_nor.c.o
LOAD .pio/build/nucleo_f401re/SrcWrapper/src/HAL/stm32yyxx_hal_opamp.c.o
LOAD .pio/build/nucleo_f401re/SrcWrapper/src/HAL/stm32yyxx_hal_opamp_ex.c.o
LOAD .pio/build/nucleo_f401re/SrcWrapper/src/HAL/stm32yyxx_hal_ospi.c.o
LOAD .pio/build/nucleo_f401re/SrcWrapper/src/HAL/stm32yyxx_hal_otfdec.c.o
LOAD .pio/build/nucleo_f401re/SrcWrapper/src/HAL/stm32yyxx_hal_pccard.c.o
LOAD .pio/build/nucleo_f401re/SrcWrapper/src/HAL/stm32yyxx_hal_pcd.c.o
LOAD .pio/build/nucleo_f401re/SrcWrapper/src/HAL/stm32yyxx_hal_pcd_ex.c.o
LOAD .pio/build/nucleo_f401re/SrcWrapper/src/HAL/stm32yyxx_hal_pka.c.o
LOAD .pio/build/nucleo_f401re/SrcWrapper/src/HAL/stm32yyxx_hal_pssi.c.o
LOAD .pio/build/nucleo_f401re/SrcWrapper/src/HAL/stm32yyxx_hal_pwr.c.o
LOAD .pio/build/nucleo_f401re/SrcWrapper/src/HAL/stm32yyxx_hal_pwr_ex.c.o
LOAD .pio/build/nucleo_f401re/SrcWrapper/src/HAL/stm32yyxx_hal_qspi.c.o
LOAD .pio/build/nucleo_f401re/SrcWrapper/src/HAL/stm32yyxx_hal_radio.c.o
LOAD .pio/build/nucleo_f401re/SrcWrapper/src/HAL/stm32yyxx_hal_radio_timer.c.o
LOAD .pio/build/nucleo_f401re/SrcWrapper/src/HAL/stm32yyxx_hal_ramcfg.c.o
LOAD .pio/build/nucleo_f401re/SrcWrapper/src/HAL/stm32yyxx_hal_ramecc.c.o
LOAD .pio/build/nucleo_f401re/SrcWrapper/src/HAL/stm32yyxx_hal_rcc.c.o
LOAD .pio/build/nucleo_f401re/SrcWrapper/src/HAL/stm32yyxx_hal_rcc_ex.c.o
LOAD .pio/build/nucleo_f401re/SrcWrapper/src/HAL/stm32yyxx_hal_rng.c.o
LOAD .pio/build/nucleo_f401re/SrcWrapper/src/HAL/stm32yyxx_hal_rng_ex.c.o
LOAD .pio/build/nucleo_f401re/SrcWrapper/src/HAL/stm32yyxx_hal_rtc.c.o
LOAD .pio/build/nucleo_f401re/SrcWrapper/src/HAL/stm32yyxx_hal_rtc_ex.c.o
LOAD .pio/build/nucleo_f401re/SrcWrapper/src/HAL/stm32yyxx_hal_sai.c.o
LOAD .pio/build/nucleo_f401re/SrcWrapper/src/HAL/stm32yyxx_hal_sai_ex.c.o
LOAD .pio/build/nucleo_f401re/SrcWrapper/src/HAL/stm32yyxx_hal_sd.c.o
LOAD .pio/build/nucleo_f401re/SrcWrapper/src/HAL/stm32yyxx_hal_sd_ex.c.o
LOAD .pio/build/nucleo_f401re/SrcWrapper/src/HAL/stm32yyxx_hal_sdadc.c.o
LOAD .pio/build/nucleo_f401re/SrcWrapper/src/HAL/stm32yyxx_hal_sdio.c.o
LOAD .pio/build/nucleo_f401re/SrcWrapper/src/HAL/stm32yyxx_hal_sdram.c.o
LOAD .pio/build/nucleo_f401re/SrcWrapper/src/HAL/stm32yyxx_hal_smartcard.c.o
LOAD .pio/build/nucleo_f401re/SrcWrapper/src/HAL/stm32yyxx_hal_smartcard_ex.c.o
LOAD .pio/build/nucleo_f401re/SrcWrapper/src/HAL/stm32yyxx_hal_smbus.c.o
LOAD .pio/build/nucleo_f401re/SrcWrapper/src/HAL/stm32yyxx_hal_smbus_ex.c.o
LOAD .pio/build/nucleo_f401re/SrcWrapper/src/HAL/stm32yyxx_hal_spdifrx.c.o
LOAD .pio/build/nucleo_f401re/SrcWrapper/src/HAL/stm32yyxx_hal_spi.c.o
LOAD .pio/build/nucleo_f401re/SrcWrapper/src/HAL/stm32yyxx_hal_spi_ex.c.o
LOAD .pio/build/nucleo_f401re/SrcWrapper/src/HAL/stm32yyxx_hal_sram.c.o
LOAD .pio/build/nucleo_f401re/SrcWrapper/src/HAL/stm32yyxx_hal_subghz.c.o
LOAD .pio/build/nucleo_f401re/SrcWrapper/src/HAL/stm32yyxx_hal_swpmi.c.o
LOAD .pio/build/nucleo_f401re/SrcWrapper/src/HAL/stm32yyxx_hal_tim.c.o
LOAD .pio/build/nucleo_f401re/SrcWrapper/src/HAL/stm32yyxx_hal_tim_ex.c.o
LOAD .pio/build/nucleo_f401re/SrcWrapper/src/HAL/stm32yyxx_hal_tsc.c.o
LOAD .pio/build/nucleo_f401re/SrcWrapper/src/HAL/stm32yyxx_hal_uart.c.o
LOAD .pio/build/nucleo_f401re/SrcWrapper/src/HAL/stm32yyxx_hal_uart_ex.c.o
LOAD .pio/build/nucleo_f401re/SrcWrapper/src/HAL/stm32yyxx_hal_usart.c.o
LOAD .pio/build/nucleo_f401re/SrcWrapper/src/HAL/stm32yyxx_hal_usart_ex.c.o
LOAD .pio/build/nucleo_f401re/SrcWrapper/src/HAL/stm32yyxx_hal_wwdg.c.o
LOAD .pio/build/nucleo_f401re/SrcWrapper/src/HAL/stm32yyxx_hal_xspi.c.o
LOAD .pio/build/nucleo_f401re/SrcWrapper/src/HardwareTimer.cpp.o
LOAD .pio/build/nucleo_f401re/SrcWrapper/src/LL/stm32yyxx_ll_adc.c.o
LOAD .pio/build/nucleo_f401re/SrcWrapper/src/LL/stm32yyxx_ll_bdma.c.o
LOAD .pio/build/nucleo_f401re/SrcWrapper/src/LL/stm32yyxx_ll_comp.c.o
LOAD .pio/build/nucleo_f401re/SrcWrapper/src/LL/stm32yyxx_ll_cordic.c.o
LOAD .pio/build/nucleo_f401re/SrcWrapper/src/LL/stm32yyxx_ll_crc.c.o
LOAD .pio/build/nucleo_f401re/SrcWrapper/src/LL/stm32yyxx_ll_crs.c.o
LOAD .pio/build/nucleo_f401re/SrcWrapper/src/LL/stm32yyxx_ll_dac.c.o
LOAD .pio/build/nucleo_f401re/SrcWrapper/src/LL/stm32yyxx_ll_delayblock.c.o
LOAD .pio/build/nucleo_f401re/SrcWrapper/src/LL/stm32yyxx_ll_dlyb.c.o
LOAD .pio/build/nucleo_f401re/SrcWrapper/src/LL/stm32yyxx_ll_dma.c.o
LOAD .pio/build/nucleo_f401re/SrcWrapper/src/LL/stm32yyxx_ll_dma2d.c.o
LOAD .pio/build/nucleo_f401re/SrcWrapper/src/LL/stm32yyxx_ll_exti.c.o
LOAD .pio/build/nucleo_f401re/SrcWrapper/src/LL/stm32yyxx_ll_fmac.c.o
LOAD .pio/build/nucleo_f401re/SrcWrapper/src/LL/stm32yyxx_ll_fmc.c.o
LOAD .pio/build/nucleo_f401re/SrcWrapper/src/LL/stm32yyxx_ll_fmpi2c.c.o
LOAD .pio/build/nucleo_f401re/SrcWrapper/src/LL/stm32yyxx_ll_fsmc.c.o
LOAD .pio/build/nucleo_f401re/SrcWrapper/src/LL/stm32yyxx_ll_gpio.c.o
LOAD .pio/build/nucleo_f401re/SrcWrapper/src/LL/stm32yyxx_ll_hrtim.c.o
LOAD .pio/build/nucleo_f401re/SrcWrapper/src/LL/stm32yyxx_ll_i2c.c.o
LOAD .pio/build/nucleo_f401re/SrcWrapper/src/LL/stm32yyxx_ll_i3c.c.o
LOAD .pio/build/nucleo_f401re/SrcWrapper/src/LL/stm32yyxx_ll_icache.c.o
LOAD .pio/build/nucleo_f401re/SrcWrapper/src/LL/stm32yyxx_ll_lcsc.c.o
LOAD .pio/build/nucleo_f401re/SrcWrapper/src/LL/stm32yyxx_ll_lpgpio.c.o
LOAD .pio/build/nucleo_f401re/SrcWrapper/src/LL/stm32yyxx_ll_lptim.c.o
LOAD .pio/build/nucleo_f401re/SrcWrapper/src/LL/stm32yyxx_ll_lpuart.c.o
LOAD .pio/build/nucleo_f401re/SrcWrapper/src/LL/stm32yyxx_ll_mdma.c.o
LOAD .pio/build/nucleo_f401re/SrcWrapper/src/LL/stm32yyxx_ll_opamp.c.o
LOAD .pio/build/nucleo_f401re/SrcWrapper/src/LL/stm32yyxx_ll_pka.c.o
LOAD .pio/build/nucleo_f401re/SrcWrapper/src/LL/stm32yyxx_ll_pwr.c.o
LOAD .pio/build/nucleo_f401re/SrcWrapper/src/LL/stm32yyxx_ll_rcc.c.o
LOAD .pio/build/nucleo_f401re/SrcWrapper/src/LL/stm32yyxx_ll_rng.c.o
LOAD .pio/build/nucleo_f401re/SrcWrapper/src/LL/stm32yyxx_ll_rtc.c.o
LOAD .pio/build/nucleo_f401re/SrcWrapper/src/LL/stm32yyxx_ll_sdmmc.c.o
LOAD .pio/build/nucleo_f401re/SrcWrapper/src/LL/stm32yyxx_ll_spi.c.o
LOAD .pio/build/nucleo_f401re/SrcWrapper/src/LL/stm32yyxx_ll_swpmi.c.o
LOAD .pio/build/nucleo_f401re/SrcWrapper/src/LL/stm32yyxx_ll_system.c.o
LOAD .pio/build/nucleo_f401re/SrcWrapper/src/LL/stm32yyxx_ll_tim.c.o
LOAD .pio/build/nucleo_f401re/SrcWrapper/src/LL/stm32yyxx_ll_ucpd.c.o
LOAD .pio/build/nucleo_f401re/SrcWrapper/src/LL/stm32yyxx_ll_usart.c.o
LOAD .pio/build/nucleo_f401re/SrcWrapper/src/LL/stm32yyxx_ll_usb.c.o
LOAD .pio/build/nucleo_f401re/SrcWrapper/src/LL/stm32yyxx_ll_utils.c.o
LOAD .pio/build/nucleo_f401re/SrcWrapper/src/new.cpp.o
LOAD .pio/build/nucleo_f401re/SrcWrapper/src/stm32/PortNames.c.o
LOAD .pio/build/nucleo_f401re/SrcWrapper/src/stm32/analog.cpp.o
LOAD .pio/build/nucleo_f401re/SrcWrapper/src/stm32/bootloader.c.o
LOAD .pio/build/nucleo_f401re/SrcWrapper/src/stm32/clock.c.o
LOAD .pio/build/nucleo_f401re/SrcWrapper/src/stm32/core_callback.c.o
LOAD .pio/build/nucleo_f401re/SrcWrapper/src/stm32/dwt.c.o
LOAD .pio/build/nucleo_f401re/SrcWrapper/src/stm32/hw_config.c.o
LOAD .pio/build/nucleo_f401re/SrcWrapper/src/stm32/interrupt.cpp.o
LOAD .pio/build/nucleo_f401re/SrcWrapper/src/stm32/otp.c.o
LOAD .pio/build/nucleo_f401re/SrcWrapper/src/stm32/pinmap.c.o
LOAD .pio/build/nucleo_f401re/SrcWrapper/src/stm32/stm32_def.c.o
LOAD .pio/build/nucleo_f401re/SrcWrapper/src/stm32/system_stm32yyxx.c.o
LOAD .pio/build/nucleo_f401re/SrcWrapper/src/stm32/timer.c.o
LOAD .pio/build/nucleo_f401re/SrcWrapper/src/stm32/uart.c.o
LOAD .pio/build/nucleo_f401re/SrcWrapper/src/syscalls.c.o
LOAD .pio/build/nucleo_f401re/src/main.cpp.o
START GROUP
LOAD .pio/build/nucleo_f401re/libFrameworkArduino.a
LOAD /home/saeee/.platformio/packages/toolchain-gccarmnoneeabi/bin/../lib/gcc/arm-none-eabi/12.3.1/thumb/v7e-m+fp/hard/libgcc.a
LOAD /home/saeee/.platformio/packages/toolchain-gccarmnoneeabi/bin/../lib/gcc/arm-none-eabi/12.3.1/../../../../arm-none-eabi/lib/thumb/v7e-m+fp/hard/libstdc++_nano.a
END GROUP
LOAD /home/saeee/.platformio/packages/toolchain-gccarmnoneeabi/bin/../lib/gcc/arm-none-eabi/12.3.1/../../../../arm-none-eabi/lib/thumb/v7e-m+fp/hard/libstdc++_nano.a
LOAD /home/saeee/.platformio/packages/toolchain-gccarmnoneeabi/bin/../lib/gcc/arm-none-eabi/12.3.1/../../../../arm-none-eabi/lib/thumb/v7e-m+fp/hard/libm.a
LOAD /home/saeee/.platformio/packages/toolchain-gccarmnoneeabi/bin/../lib/gcc/arm-none-eabi/12.3.1/../../../../arm-none-eabi/lib/thumb/v7e-m+fp/hard/libc_nano.a
START GROUP
LOAD /home/saeee/.platformio/packages/toolchain-gccarmnoneeabi/bin/../lib/gcc/arm-none-eabi/12.3.1/thumb/v7e-m+fp/hard/libgcc.a
LOAD /home/saeee/.platformio/packages/toolchain-gccarmnoneeabi/bin/../lib/gcc/arm-none-eabi/12.3.1/../../../../arm-none-eabi/lib/thumb/v7e-m+fp/hard/libc_nano.a
END GROUP
START GROUP
LOAD /home/saeee/.platformio/packages/toolchain-gccarmnoneeabi/bin/../lib/gcc/arm-none-eabi/12.3.1/thumb/v7e-m+fp/hard/libgcc.a
LOAD /home/saeee/.platformio/packages/toolchain-gccarmnoneeabi/bin/../lib/gcc/arm-none-eabi/12.3.1/../../../../arm-none-eabi/lib/thumb/v7e-m+fp/hard/libc_nano.a
END GROUP
LOAD /home/saeee/.platformio/packages/toolchain-gccarmnoneeabi/bin/../lib/gcc/arm-none-eabi/12.3.1/thumb/v7e-m+fp/hard/crtend.o
LOAD /home/saeee/.platformio/packages/toolchain-gccarmnoneeabi/bin/../lib/gcc/arm-none-eabi/12.3.1/thumb/v7e-m+fp/hard/crtn.o

.noinit         0x2000044c        0x0
                0x2000044c                        . = ALIGN (0x4)
                0x2000044c                        _snoinit = .
 *(.noinit)
 *(.noinit*)
                0x2000044c                        . = ALIGN (0x4)
                0x2000044c                        _enoinit = .

._user_heap_stack
                0x2000044c      0x604
                0x20000450                        . = ALIGN (0x8)
 *fill*         0x2000044c        0x4 
                [!provide]                        PROVIDE (end = .)
                0x20000450                        PROVIDE (_end = .)
                0x20000650                        . = (. + _Min_Heap_Size)
 *fill*         0x20000450      0x200 
                0x20000a50                        . = (. + _Min_Stack_Size)
 *fill*         0x20000650      0x400 
                0x20000a50                        . = ALIGN (0x8)

/DISCARD/
 libc.a(*)
 libm.a(*)
 libgcc.a(*)

.ARM.attributes
                0x00000000       0x30
 *(.ARM.attributes)
 .ARM.attributes
                0x00000000       0x22 /home/saeee/.platformio/packages/toolchain-gccarmnoneeabi/bin/../lib/gcc/arm-none-eabi/12.3.1/thumb/v7e-m+fp/hard/crti.o
 .ARM.attributes
                0x00000022       0x34 /home/saeee/.platformio/packages/toolchain-gccarmnoneeabi/bin/../lib/gcc/arm-none-eabi/12.3.1/thumb/v7e-m+fp/hard/crtbegin.o
 .ARM.attributes
                0x00000056       0x34 .pio/build/nucleo_f401re/FrameworkArduinoVariant/PeripheralPins.c.o
 .ARM.attributes
                0x0000008a       0x34 .pio/build/nucleo_f401re/FrameworkArduinoVariant/variant_NUCLEO_F401RE.cpp.o
 .ARM.attributes
                0x000000be       0x34 .pio/build/nucleo_f401re/SrcWrapper/src/HAL/stm32yyxx_hal.c.o
 .ARM.attributes
                0x000000f2       0x34 .pio/build/nucleo_f401re/SrcWrapper/src/HAL/stm32yyxx_hal_cortex.c.o
 .ARM.attributes
                0x00000126       0x34 .pio/build/nucleo_f401re/SrcWrapper/src/HAL/stm32yyxx_hal_crc.c.o
 .ARM.attributes
                0x0000015a       0x34 .pio/build/nucleo_f401re/SrcWrapper/src/HAL/stm32yyxx_hal_dma.c.o
 .ARM.attributes
                0x0000018e       0x34 .pio/build/nucleo_f401re/SrcWrapper/src/HAL/stm32yyxx_hal_gpio.c.o
 .ARM.attributes
                0x000001c2       0x34 .pio/build/nucleo_f401re/SrcWrapper/src/HAL/stm32yyxx_hal_rcc.c.o
 .ARM.attributes
                0x000001f6       0x34 .pio/build/nucleo_f401re/SrcWrapper/src/HAL/stm32yyxx_hal_tim.c.o
 .ARM.attributes
                0x0000022a       0x34 .pio/build/nucleo_f401re/SrcWrapper/src/HAL/stm32yyxx_hal_tim_ex.c.o
 .ARM.attributes
                0x0000025e       0x34 .pio/build/nucleo_f401re/SrcWrapper/src/HAL/stm32yyxx_hal_uart.c.o
 .ARM.attributes
                0x00000292       0x34 .pio/build/nucleo_f401re/SrcWrapper/src/HardwareTimer.cpp.o
 .ARM.attributes
                0x000002c6       0x34 .pio/build/nucleo_f401re/SrcWrapper/src/stm32/clock.c.o
 .ARM.attributes
                0x000002fa       0x34 .pio/build/nucleo_f401re/SrcWrapper/src/stm32/dwt.c.o
 .ARM.attributes
                0x0000032e       0x34 .pio/build/nucleo_f401re/SrcWrapper/src/stm32/hw_config.c.o
 .ARM.attributes
                0x00000362       0x34 .pio/build/nucleo_f401re/SrcWrapper/src/stm32/interrupt.cpp.o
 .ARM.attributes
                0x00000396       0x34 .pio/build/nucleo_f401re/SrcWrapper/src/stm32/pinmap.c.o
 .ARM.attributes
                0x000003ca       0x34 .pio/build/nucleo_f401re/SrcWrapper/src/stm32/system_stm32yyxx.c.o
 .ARM.attributes
                0x000003fe       0x34 .pio/build/nucleo_f401re/SrcWrapper/src/stm32/timer.c.o
 .ARM.attributes
                0x00000432       0x34 .pio/build/nucleo_f401re/SrcWrapper/src/stm32/uart.c.o
 .ARM.attributes
                0x00000466       0x34 .pio/build/nucleo_f401re/SrcWrapper/src/syscalls.c.o
 .ARM.attributes
                0x0000049a       0x34 .pio/build/nucleo_f401re/src/main.cpp.o
 .ARM.attributes
                0x000004ce       0x34 .pio/build/nucleo_f401re/libFrameworkArduino.a(main.cpp.o)
 .ARM.attributes
                0x00000502       0x21 .pio/build/nucleo_f401re/libFrameworkArduino.a(startup_stm32yyxx.S.o)
 .ARM.attributes
                0x00000523       0x34 .pio/build/nucleo_f401re/libFrameworkArduino.a(wiring_time.c.o)
 .ARM.attributes
                0x00000557       0x34 .pio/build/nucleo_f401re/libFrameworkArduino.a(WSerial.cpp.o)
 .ARM.attributes
                0x0000058b       0x34 .pio/build/nucleo_f401re/libFrameworkArduino.a(board.c.o)
 .ARM.attributes
                0x000005bf       0x34 .pio/build/nucleo_f401re/libFrameworkArduino.a(HardwareSerial.cpp.o)
 .ARM.attributes
                0x000005f3       0x34 .pio/build/nucleo_f401re/libFrameworkArduino.a(Stream.cpp.o)
 .ARM.attributes
                0x00000627       0x22 /home/saeee/.platformio/packages/toolchain-gccarmnoneeabi/bin/../lib/gcc/arm-none-eabi/12.3.1/thumb/v7e-m+fp/hard/libgcc.a(_aeabi_uldivmod.o)
 .ARM.attributes
                0x00000649       0x34 /home/saeee/.platformio/packages/toolchain-gccarmnoneeabi/bin/../lib/gcc/arm-none-eabi/12.3.1/thumb/v7e-m+fp/hard/libgcc.a(_udivmoddi4.o)
 .ARM.attributes
                0x0000067d       0x22 /home/saeee/.platformio/packages/toolchain-gccarmnoneeabi/bin/../lib/gcc/arm-none-eabi/12.3.1/thumb/v7e-m+fp/hard/libgcc.a(_dvmd_tls.o)
 .ARM.attributes
                0x0000069f       0x34 /home/saeee/.platformio/packages/toolchain-gccarmnoneeabi/bin/../lib/gcc/arm-none-eabi/12.3.1/../../../../arm-none-eabi/lib/thumb/v7e-m+fp/hard/libstdc++_nano.a(functional.o)
 .ARM.attributes
                0x000006d3       0x34 /home/saeee/.platformio/packages/toolchain-gccarmnoneeabi/bin/../lib/gcc/arm-none-eabi/12.3.1/../../../../arm-none-eabi/lib/thumb/v7e-m+fp/hard/libc_nano.a(libc_a-abort.o)
 .ARM.attributes
                0x00000707       0x34 /home/saeee/.platformio/packages/toolchain-gccarmnoneeabi/bin/../lib/gcc/arm-none-eabi/12.3.1/../../../../arm-none-eabi/lib/thumb/v7e-m+fp/hard/libc_nano.a(libc_a-findfp.o)
 .ARM.attributes
                0x0000073b       0x34 /home/saeee/.platformio/packages/toolchain-gccarmnoneeabi/bin/../lib/gcc/arm-none-eabi/12.3.1/../../../../arm-none-eabi/lib/thumb/v7e-m+fp/hard/libc_nano.a(libc_a-memset.o)
 .ARM.attributes
                0x0000076f       0x34 /home/saeee/.platformio/packages/toolchain-gccarmnoneeabi/bin/../lib/gcc/arm-none-eabi/12.3.1/../../../../arm-none-eabi/lib/thumb/v7e-m+fp/hard/libc_nano.a(libc_a-signal.o)
 .ARM.attributes
                0x000007a3       0x34 /home/saeee/.platformio/packages/toolchain-gccarmnoneeabi/bin/../lib/gcc/arm-none-eabi/12.3.1/../../../../arm-none-eabi/lib/thumb/v7e-m+fp/hard/libc_nano.a(libc_a-reent.o)
 .ARM.attributes
                0x000007d7       0x34 /home/saeee/.platformio/packages/toolchain-gccarmnoneeabi/bin/../lib/gcc/arm-none-eabi/12.3.1/../../../../arm-none-eabi/lib/thumb/v7e-m+fp/hard/libc_nano.a(libc_a-impure.o)
 .ARM.attributes
                0x0000080b       0x34 /home/saeee/.platformio/packages/toolchain-gccarmnoneeabi/bin/../lib/gcc/arm-none-eabi/12.3.1/../../../../arm-none-eabi/lib/thumb/v7e-m+fp/hard/libc_nano.a(libc_a-signalr.o)
 .ARM.attributes
                0x0000083f       0x34 /home/saeee/.platformio/packages/toolchain-gccarmnoneeabi/bin/../lib/gcc/arm-none-eabi/12.3.1/../../../../arm-none-eabi/lib/thumb/v7e-m+fp/hard/libc_nano.a(libc_a-init.o)
 .ARM.attributes
                0x00000873       0x34 /home/saeee/.platformio/packages/toolchain-gccarmnoneeabi/bin/../lib/gcc/arm-none-eabi/12.3.1/../../../../arm-none-eabi/lib/thumb/v7e-m+fp/hard/libc_nano.a(libc_a-memcpy-stub.o)
 .ARM.attributes
                0x000008a7       0x22 /home/saeee/.platformio/packages/toolchain-gccarmnoneeabi/bin/../lib/gcc/arm-none-eabi/12.3.1/thumb/v7e-m+fp/hard/crtn.o
OUTPUT(.pio/build/nucleo_f401re/firmware.elf elf32-littlearm)
LOAD linker stubs
LOAD /home/saeee/.platformio/packages/toolchain-gccarmnoneeabi/bin/../lib/gcc/arm-none-eabi/12.3.1/../../../../arm-none-eabi/lib/thumb/v7e-m+fp/hard/libc.a
LOAD /home/saeee/.platformio/packages/toolchain-gccarmnoneeabi/bin/../lib/gcc/arm-none-eabi/12.3.1/../../../../arm-none-eabi/lib/thumb/v7e-m+fp/hard/libm.a
LOAD /home/saeee/.platformio/packages/toolchain-gccarmnoneeabi/bin/../lib/gcc/arm-none-eabi/12.3.1/thumb/v7e-m+fp/hard/libgcc.a

.comment        0x00000000       0x39
 .comment       0x00000000       0x39 /home/saeee/.platformio/packages/toolchain-gccarmnoneeabi/bin/../lib/gcc/arm-none-eabi/12.3.1/thumb/v7e-m+fp/hard/crtbegin.o
                                 0x3a (size before relaxing)
 .comment       0x00000039       0x3a .pio/build/nucleo_f401re/FrameworkArduinoVariant/PeripheralPins.c.o
 .comment       0x00000039       0x3a .pio/build/nucleo_f401re/FrameworkArduinoVariant/variant_NUCLEO_F401RE.cpp.o
 .comment       0x00000039       0x3a .pio/build/nucleo_f401re/SrcWrapper/src/HAL/stm32yyxx_hal.c.o
 .comment       0x00000039       0x3a .pio/build/nucleo_f401re/SrcWrapper/src/HAL/stm32yyxx_hal_cortex.c.o
 .comment       0x00000039       0x3a .pio/build/nucleo_f401re/SrcWrapper/src/HAL/stm32yyxx_hal_crc.c.o
 .comment       0x00000039       0x3a .pio/build/nucleo_f401re/SrcWrapper/src/HAL/stm32yyxx_hal_dma.c.o
 .comment       0x00000039       0x3a .pio/build/nucleo_f401re/SrcWrapper/src/HAL/stm32yyxx_hal_gpio.c.o
 .comment       0x00000039       0x3a .pio/build/nucleo_f401re/SrcWrapper/src/HAL/stm32yyxx_hal_rcc.c.o
 .comment       0x00000039       0x3a .pio/build/nucleo_f401re/SrcWrapper/src/HAL/stm32yyxx_hal_tim.c.o
 .comment       0x00000039       0x3a .pio/build/nucleo_f401re/SrcWrapper/src/HAL/stm32yyxx_hal_tim_ex.c.o
 .comment       0x00000039       0x3a .pio/build/nucleo_f401re/SrcWrapper/src/HAL/stm32yyxx_hal_uart.c.o
 .comment       0x00000039       0x3a .pio/build/nucleo_f401re/SrcWrapper/src/HardwareTimer.cpp.o
 .comment       0x00000039       0x3a .pio/build/nucleo_f401re/SrcWrapper/src/stm32/clock.c.o
 .comment       0x00000039       0x3a .pio/build/nucleo_f401re/SrcWrapper/src/stm32/dwt.c.o
 .comment       0x00000039       0x3a .pio/build/nucleo_f401re/SrcWrapper/src/stm32/hw_config.c.o
 .comment       0x00000039       0x3a .pio/build/nucleo_f401re/SrcWrapper/src/stm32/interrupt.cpp.o
 .comment       0x00000039       0x3a .pio/build/nucleo_f401re/SrcWrapper/src/stm32/pinmap.c.o
 .comment       0x00000039       0x3a .pio/build/nucleo_f401re/SrcWrapper/src/stm32/system_stm32yyxx.c.o
 .comment       0x00000039       0x3a .pio/build/nucleo_f401re/SrcWrapper/src/stm32/timer.c.o
 .comment       0x00000039       0x3a .pio/build/nucleo_f401re/SrcWrapper/src/stm32/uart.c.o
 .comment       0x00000039       0x3a .pio/build/nucleo_f401re/SrcWrapper/src/syscalls.c.o
 .comment       0x00000039       0x3a .pio/build/nucleo_f401re/src/main.cpp.o
 .comment       0x00000039       0x3a .pio/build/nucleo_f401re/libFrameworkArduino.a(main.cpp.o)
 .comment       0x00000039       0x3a .pio/build/nucleo_f401re/libFrameworkArduino.a(wiring_time.c.o)
 .comment       0x00000039       0x3a .pio/build/nucleo_f401re/libFrameworkArduino.a(WSerial.cpp.o)
 .comment       0x00000039       0x3a .pio/build/nucleo_f401re/libFrameworkArduino.a(board.c.o)
 .comment       0x00000039       0x3a .pio/build/nucleo_f401re/libFrameworkArduino.a(HardwareSerial.cpp.o)
 .comment       0x00000039       0x3a .pio/build/nucleo_f401re/libFrameworkArduino.a(Stream.cpp.o)
 .comment       0x00000039       0x3a /home/saeee/.platformio/packages/toolchain-gccarmnoneeabi/bin/../lib/gcc/arm-none-eabi/12.3.1/thumb/v7e-m+fp/hard/libgcc.a(_udivmoddi4.o)
 .comment       0x00000039       0x3a /home/saeee/.platformio/packages/toolchain-gccarmnoneeabi/bin/../lib/gcc/arm-none-eabi/12.3.1/../../../../arm-none-eabi/lib/thumb/v7e-m+fp/hard/libstdc++_nano.a(functional.o)
 .comment       0x00000039       0x3a /home/saeee/.platformio/packages/toolchain-gccarmnoneeabi/bin/../lib/gcc/arm-none-eabi/12.3.1/../../../../arm-none-eabi/lib/thumb/v7e-m+fp/hard/libc_nano.a(libc_a-abort.o)
 .comment       0x00000039       0x3a /home/saeee/.platformio/packages/toolchain-gccarmnoneeabi/bin/../lib/gcc/arm-none-eabi/12.3.1/../../../../arm-none-eabi/lib/thumb/v7e-m+fp/hard/libc_nano.a(libc_a-findfp.o)
 .comment       0x00000039       0x3a /home/saeee/.platformio/packages/toolchain-gccarmnoneeabi/bin/../lib/gcc/arm-none-eabi/12.3.1/../../../../arm-none-eabi/lib/thumb/v7e-m+fp/hard/libc_nano.a(libc_a-memset.o)
 .comment       0x00000039       0x3a /home/saeee/.platformio/packages/toolchain-gccarmnoneeabi/bin/../lib/gcc/arm-none-eabi/12.3.1/../../../../arm-none-eabi/lib/thumb/v7e-m+fp/hard/libc_nano.a(libc_a-signal.o)
 .comment       0x00000039       0x3a /home/saeee/.platformio/packages/toolchain-gccarmnoneeabi/bin/../lib/gcc/arm-none-eabi/12.3.1/../../../../arm-none-eabi/lib/thumb/v7e-m+fp/hard/libc_nano.a(libc_a-reent.o)
 .comment       0x00000039       0x3a /home/saeee/.platformio/packages/toolchain-gccarmnoneeabi/bin/../lib/gcc/arm-none-eabi/12.3.1/../../../../arm-none-eabi/lib/thumb/v7e-m+fp/hard/libc_nano.a(libc_a-impure.o)
 .comment       0x00000039       0x3a /home/saeee/.platformio/packages/toolchain-gccarmnoneeabi/bin/../lib/gcc/arm-none-eabi/12.3.1/../../../../arm-none-eabi/lib/thumb/v7e-m+fp/hard/libc_nano.a(libc_a-signalr.o)
 .comment       0x00000039       0x3a /home/saeee/.platformio/packages/toolchain-gccarmnoneeabi/bin/../lib/gcc/arm-none-eabi/12.3.1/../../../../arm-none-eabi/lib/thumb/v7e-m+fp/hard/libc_nano.a(libc_a-init.o)
 .comment       0x00000039       0x3a /home/saeee/.platformio/packages/toolchain-gccarmnoneeabi/bin/../lib/gcc/arm-none-eabi/12.3.1/../../../../arm-none-eabi/lib/thumb/v7e-m+fp/hard/libc_nano.a(libc_a-memcpy-stub.o)
